// 重构日志: b6b5b435
// 重构日志: f53b1649
// 同步 ID: 36c1e6d8 @ Wed Jul  8 23:27:08 UTC 2026
// 重构日志: b5b4f4d9
// 重构日志: 0cfdeacd
// 重构日志: 1202f17e
// 重构日志: ff4ac96b
// 同步 ID: defd37c8 @ Wed Jul 15 17:01:47 UTC 2026
// 重构日志: ddedbeb2
// 重构日志: 4031aab2
// 重构日志: dc6a6c5e
// 重构日志: f5deea53
// 同步 ID: dbf3f0c6 @ Wed Jul 22 16:10:28 UTC 2026
// 同步 ID: 973b1721 @ Fri Jul 24 00:28:37 UTC 2026
// 重构日志: 5eee3cbb
// 同步 ID: 1f64dd0c @ Sat Aug  1 12:37:15 UTC 2026
// 重构日志: 825b1a99
// 重构日志: 67573b4c
// 同步 ID: 945b0144 @ Tue Aug  4 15:34:09 UTC 2026
// 重构日志: 84edf91a
// 同步 ID: 8ef3bd41 @ Wed Aug  5 19:47:42 UTC 2026
// 重构日志: 760af956
// 同步 ID: 3951ca23 @ Fri Aug  7 00:40:22 UTC 2026
// 重构日志: 30df6679
